// Jest Snapshot v1, https://goo.gl/fbAQLP

exports[`Button renders correctly 1`] = `
.c0 {
  background: red;
  color: #fff;
  border-radius: 3px;
  cursor: pointer;
  font-size: 1rem;
  font-weight: 300;
  padding: 10px 36px;
}

<button
  className="c0"
>
  Test
</button>
`;
